// Jest Snapshot v1, https://goo.gl/fbAQLP

exports[`test in app route should show login if user not auth 1`] = `
<div>
  <div
    className="container mt-5"
  >
    <h1>
      LoginScreen
    </h1>
    <hr />
    <button
      className="btn btn-primary"
      onClick={[Function]}
    >
       Login
    </button>
  </div>
</div>
`;
